npm warn deprecated eslint@9.39.5: This version is no longer supported. Please see https://eslint.org/version-support for other options.

added 364 packages, and audited 365 packages in 2m

146 packages are looking for funding
  run `npm fund` for details

found 0 vulnerabilities

c:\Users\Rupesh\Desktop\Projects\Medlens>npm error code ERESOLVE
npm error ERESOLVE could not resolve
npm error
npm error While resolving: vitest@5.0.0
npm error Found: @types/node@20.19.43
npm error node_modules/@types/node
npm error   dev @types/node@"^20" from the root project
npm error   peerOptional @types/node@"^20.19.0 || >=22.12.0" from vite@8.2.2
npm error   node_modules/vite
npm error     peer vite@"^8.0.0" from @vitejs/plugin-react@6.1.1
npm error     node_modules/@vitejs/plugin-react
npm error       @vitejs/plugin-react@"*" from the root project
npm error     peer vite@"^6.4.0 || ^7.0.0 || ^8.0.0" from vitest@5.0.0
npm error     node_modules/vitest
npm error       vitest@"*" from the root project
npm error       2 more (@testing-library/jest-dom, @vitest/coverage-v8)
npm error     3 more (@prisma/orm-toolchain, alchemy, alchemy)
npm error   1 more (protobufjs)
npm error
npm error Could not resolve dependency:
npm error peerOptional @types/node@"^22.0.0 || >=24.0.0" from vitest@5.0.0
npm error node_modules/vitest
npm error   vitest@"*" from the root project
npm error   peerOptional vitest@">= 0.32" from @testing-library/jest-dom@7.0.1
npm error   node_modules/@testing-library/jest-dom
npm error     @testing-library/jest-dom@"*" from the root project
npm error   1 more (@vitest/coverage-v8)
npm error
npm error Conflicting peer dependency: @types/node@26.4.1
npm error node_modules/@types/node
npm error   peerOptional @types/node@"^22.0.0 || >=24.0.0" from vitest@5.0.0
npm error   node_modules/vitest
npm error     vitest@"*" from the root project
npm error     peerOptional vitest@">= 0.32" from @testing-library/jest-dom@7.0.1
npm error     node_modules/@testing-library/jest-dom
npm error       @testing-library/jest-dom@"*" from the root project
npm error     1 more (@vitest/coverage-v8)
npm error
npm error Fix the upstream dependency conflict, or retry
npm error this command with --force or --legacy-peer-deps
npm error to accept an incorrect (and potentially broken) dependency resolution.
npm error
npm error
npm error For a full report see:
npm error C:\Users\Rupesh\AppData\Local\npm-cache\_logs\2026-09-05T08_16_23_848Z-eresolve-report.txt
npm error A complete log of this run can be found in: C:\Users\Rupesh\AppData\Local\npm-cache\_logs\2026-09-05T08_16_23_848Z-debug-0.log

c:\Users\Rupesh\Desktop\Projects\Medlens>